
> cocobase@0.1.0 build
> next build

node.exe :  ΓÜá 
Found lockfile 
missing swc 
dependencies, 
patching...
At C:\Program Files\n
odejs\npm.ps1:29 
char:3
+   & $NODE_EXE 
$NPM_CLI_JS $args
+   ~~~~~~~~~~~~~~~~~
~~~~~~~~~~~~
    + CategoryInfo   
           : NotSpe  
  cified: ( ΓÜá Fo   
 und lock...es, p    
atching...:Strin    
g) [], RemoteExc    
eption
    + FullyQualified 
   ErrorId : Native  
  CommandError
 
 ΓÜá Warning: 
Next.js inferred 
your workspace root, 
but it may not be 
correct.
 We detected 
multiple lockfiles 
and selected the 
directory of C:\Users
\ACER\package-lock.js
on as the root 
directory.
 To silence this 
warning, set `outputF
ileTracingRoot` in 
your Next.js config, 
or consider removing 
one of the lockfiles 
if it's not needed.
   See https://nextjs
.org/docs/app/api-ref
erence/config/next-co
nfig-js/output#caveat
s for more 
information.
 Detected additional 
lockfiles: 
   * C:\Users\ACER\Do
cuments\be-cocobase-m
ain\cocobase-main\pac
kage-lock.json

   Γû▓ Next.js 15.5.9
   - Environments: .env

   Creating an optimized production build ...
 Γ¿» Failed to patch 
lockfile, please try 
uninstalling and 
reinstalling next in 
this workspace
[TypeError: Cannot 
read properties of 
undefined (reading 
'os')]
 ΓÜá Found lockfile 
missing swc 
dependencies, 
patching...
 Γ¿» Failed to patch 
lockfile, please try 
uninstalling and 
reinstalling next in 
this workspace
[TypeError: Cannot 
read properties of 
undefined (reading 
'os')]
